[14:46:38.335] [INFO] Storybook upgrade - v10.1.9
[14:46:38.337] [INFO] detect-projects-spinner-start: Detecting projects...
[14:46:38.338] [DEBUG] Finding Storybook projects...
[14:46:38.415] [DEBUG] Found 1 Storybook projects
[14:46:38.416] [INFO] detect-projects-spinner: Detecting projects: 1 projects
[14:46:38.416] [DEBUG] Getting Storybook data...
[14:46:38.416] [DEBUG] Getting Storybook info...
[14:46:38.483] [DEBUG] Loading main config...
[14:46:38.483] [DEBUG] Getting stories paths...
[14:46:38.494] [DEBUG] Getting package manager...
[14:46:38.676] [DEBUG] Getting package.json info for /Users/hannalunne/Documents/development/ror-web/apps/docs/package.json...
[14:46:38.676] [DEBUG] Getting Storybook version...
[14:46:38.676] [DEBUG] /apps/docs/.storybook - Validating before version... undefined
[14:46:38.676] [DEBUG] SB_CLI_UPGRADE_0005 (UpgradeStorybookUnknownCurrentVersionError): We couldn't determine the current version of Storybook in your project.

Are you running the Storybook CLI in a project without Storybook?
It might help if you specify your Storybook config directory with the --config-dir flag.
[14:46:38.676] [INFO] detect-projects-spinner-stop: 1 project detected
[14:46:38.677] [DEBUG] Found 0 valid projects and 1 error projects
[14:46:38.677] [ERROR] Failed to get projects
[14:46:38.678] [ERROR] [38;2;241;97;97mError: ❌ Storybook found errors while collecting data for the following projects:
/apps/docs/.storybook:
SB_CLI_UPGRADE_0005 (UpgradeStorybookUnknownCurrentVersionError): We couldn't determine the current version of Storybook in your project.

Are you running the Storybook CLI in a project without Storybook?
It might help if you specify your Storybook config directory with the --config-dir flag.
    at validateVersion (file:///Users/hannalunne/.npm/_npx/f74b1ef8ee82e8e8/node_modules/@storybook/cli/dist/_node-chunks/chunk-XETK7IDC.js:252:11)
    at processProject (file:///Users/hannalunne/.npm/_npx/f74b1ef8ee82e8e8/node_modules/@storybook/cli/dist/_node-chunks/chunk-XETK7IDC.js:297:82)
Please fix the errors and run the upgrade command again.[39m
    at getProjects (file:///Users/hannalunne/.npm/_npx/f74b1ef8ee82e8e8/node_modules/@storybook/cli/dist/_node-chunks/chunk-XETK7IDC.js:468:13)
    at async upgrade (file:///Users/hannalunne/.npm/_npx/f74b1ef8ee82e8e8/node_modules/@storybook/cli/dist/_node-chunks/run-JMPCWACJ.js:9360:24)
    at async file:///Users/hannalunne/.npm/_npx/f74b1ef8ee82e8e8/node_modules/@storybook/cli/dist/_node-chunks/run-JMPCWACJ.js:9558:70
    at async withTelemetry (file:///Users/hannalunne/.npm/_npx/f74b1ef8ee82e8e8/node_modules/storybook/dist/_node-chunks/chunk-3Q5I3QYJ.js:209:12)
    at async Command.<anonymous> (file:///Users/hannalunne/.npm/_npx/f74b1ef8ee82e8e8/node_modules/@storybook/cli/dist/_node-chunks/run-JMPCWACJ.js:9554:3)
[14:46:38.680] [INFO] Storybook collects completely anonymous usage telemetry. We use it to shape Storybook's roadmap and prioritize features. You can learn more, including how to opt out, at https://storybook.js.org/telemetry
[14:46:39.088] [ERROR] Error: ❌ Storybook found errors while collecting data for the following projects:
/apps/docs/.storybook:
SB_CLI_UPGRADE_0005 (UpgradeStorybookUnknownCurrentVersionError): We couldn't determine the current version of Storybook in your project.

Are you running the Storybook CLI in a project without Storybook?
It might help if you specify your Storybook config directory with the --config-dir flag.
    at validateVersion (file:///Users/hannalunne/.npm/_npx/f74b1ef8ee82e8e8/node_modules/@storybook/cli/dist/_node-chunks/chunk-XETK7IDC.js:252:11)
    at processProject (file:///Users/hannalunne/.npm/_npx/f74b1ef8ee82e8e8/node_modules/@storybook/cli/dist/_node-chunks/chunk-XETK7IDC.js:297:82)
Please fix the errors and run the upgrade command again.